// Jest Snapshot v1, https://goo.gl/fbAQLP

exports[`Game addPlayer when no players have been added adds the player 1`] = `
Array [
  Player {
    "age": 35,
    "hand": Object {},
    "id": "test-id-8",
    "isSaboteur": false,
    "name": "Alice",
    "tools": Object {
      "lamp": true,
      "pick": true,
      "wagon": true,
    },
    "viewedFinishCards": Object {},
  },
]
`;

exports[`Game can be serialized 1`] = `
Object {
  "board": Board {
    "grid": Object {
      "0,0": StartPathCard {
        "connectors": Array [
          1,
          2,
          3,
          4,
        ],
        "id": "test-id-4",
        "isUpsideDown": false,
        "status": "played",
      },
      "8,-2": RockFinishPathCard {
        "connectors": Array [
          1,
          4,
        ],
        "id": "test-id-7",
        "isFaceDown": true,
        "isUpsideDown": false,
        "status": "played",
      },
      "8,0": RockFinishPathCard {
        "connectors": Array [
          1,
          2,
        ],
        "id": "test-id-6",
        "isFaceDown": true,
        "isUpsideDown": false,
        "status": "played",
      },
      "8,2": GoldFinishPathCard {
        "connectors": Array [
          1,
          2,
          3,
          4,
        ],
        "id": "test-id-5",
        "isFaceDown": true,
        "isUpsideDown": false,
        "status": "played",
      },
    },
    "id": "test-id-3",
    "isComplete": false,
  },
  "deck": Deck {
    "drawPile": Array [
      PassageCard {
        "connectors": Array [
          2,
          4,
        ],
        "id": "test-id-0",
        "isUpsideDown": false,
        "status": "unused",
      },
      PassageCard {
        "connectors": Array [
          2,
          4,
        ],
        "id": "test-id-1",
        "isUpsideDown": false,
        "status": "unused",
      },
      PassageCard {
        "connectors": Array [
          2,
          4,
        ],
        "id": "test-id-2",
        "isUpsideDown": false,
        "status": "unused",
      },
      PassageCard {
        "connectors": Array [
          1,
          3,
        ],
        "id": "test-id-3",
        "isUpsideDown": false,
        "status": "unused",
      },
      PassageCard {
        "connectors": Array [
          1,
          3,
        ],
        "id": "test-id-4",
        "isUpsideDown": false,
        "status": "unused",
      },
      PassageCard {
        "connectors": Array [
          1,
          3,
        ],
        "id": "test-id-5",
        "isUpsideDown": false,
        "status": "unused",
      },
      PassageCard {
        "connectors": Array [
          1,
          3,
        ],
        "id": "test-id-6",
        "isUpsideDown": false,
        "status": "unused",
      },
      PassageCard {
        "connectors": Array [
          1,
          4,
        ],
        "id": "test-id-7",
        "isUpsideDown": false,
        "status": "unused",
      },
      PassageCard {
        "connectors": Array [
          1,
          4,
        ],
        "id": "test-id-8",
        "isUpsideDown": false,
        "status": "unused",
      },
      PassageCard {
        "connectors": Array [
          1,
          4,
        ],
        "id": "test-id-9",
        "isUpsideDown": false,
        "status": "unused",
      },
      PassageCard {
        "connectors": Array [
          1,
          4,
        ],
        "id": "test-id-10",
        "isUpsideDown": false,
        "status": "unused",
      },
      PassageCard {
        "connectors": Array [
          1,
          2,
        ],
        "id": "test-id-11",
        "isUpsideDown": false,
        "status": "unused",
      },
      PassageCard {
        "connectors": Array [
          1,
          2,
        ],
        "id": "test-id-12",
        "isUpsideDown": false,
        "status": "unused",
      },
      PassageCard {
        "connectors": Array [
          1,
          2,
        ],
        "id": "test-id-13",
        "isUpsideDown": false,
        "status": "unused",
      },
      PassageCard {
        "connectors": Array [
          1,
          2,
        ],
        "id": "test-id-14",
        "isUpsideDown": false,
        "status": "unused",
      },
      PassageCard {
        "connectors": Array [
          1,
          2,
        ],
        "id": "test-id-15",
        "isUpsideDown": false,
        "status": "unused",
      },
      PassageCard {
        "connectors": Array [
          1,
          2,
          4,
        ],
        "id": "test-id-16",
        "isUpsideDown": false,
        "status": "unused",
      },
      PassageCard {
        "connectors": Array [
          1,
          2,
          4,
        ],
        "id": "test-id-17",
        "isUpsideDown": false,
        "status": "unused",
      },
      PassageCard {
        "connectors": Array [
          1,
          2,
          4,
        ],
        "id": "test-id-18",
        "isUpsideDown": false,
        "status": "unused",
      },
      PassageCard {
        "connectors": Array [
          1,
          2,
          4,
        ],
        "id": "test-id-19",
        "isUpsideDown": false,
        "status": "unused",
      },
      PassageCard {
        "connectors": Array [
          1,
          2,
          4,
        ],
        "id": "test-id-20",
        "isUpsideDown": false,
        "status": "unused",
      },
      PassageCard {
        "connectors": Array [
          1,
          2,
          3,
        ],
        "id": "test-id-21",
        "isUpsideDown": false,
        "status": "unused",
      },
      PassageCard {
        "connectors": Array [
          1,
          2,
          3,
        ],
        "id": "test-id-22",
        "isUpsideDown": false,
        "status": "unused",
      },
      PassageCard {
        "connectors": Array [
          1,
          2,
          3,
        ],
        "id": "test-id-23",
        "isUpsideDown": false,
        "status": "unused",
      },
      PassageCard {
        "connectors": Array [
          1,
          2,
          3,
        ],
        "id": "test-id-24",
        "isUpsideDown": false,
        "status": "unused",
      },
      PassageCard {
        "connectors": Array [
          1,
          2,
          3,
        ],
        "id": "test-id-25",
        "isUpsideDown": false,
        "status": "unused",
      },
      PassageCard {
        "connectors": Array [
          1,
          2,
          3,
          4,
        ],
        "id": "test-id-26",
        "isUpsideDown": false,
        "status": "unused",
      },
      PassageCard {
        "connectors": Array [
          1,
          2,
          3,
          4,
        ],
        "id": "test-id-27",
        "isUpsideDown": false,
        "status": "unused",
      },
      PassageCard {
        "connectors": Array [
          1,
          2,
          3,
          4,
        ],
        "id": "test-id-28",
        "isUpsideDown": false,
        "status": "unused",
      },
      PassageCard {
        "connectors": Array [
          1,
          2,
          3,
          4,
        ],
        "id": "test-id-29",
        "isUpsideDown": false,
        "status": "unused",
      },
      PassageCard {
        "connectors": Array [
          1,
          2,
          3,
          4,
        ],
        "id": "test-id-30",
        "isUpsideDown": false,
        "status": "unused",
      },
      DeadendCard {
        "connectors": Array [
          1,
        ],
        "id": "test-id-31",
        "isUpsideDown": false,
        "status": "unused",
      },
      DeadendCard {
        "connectors": Array [
          2,
        ],
        "id": "test-id-32",
        "isUpsideDown": false,
        "status": "unused",
      },
      DeadendCard {
        "connectors": Array [
          1,
          2,
        ],
        "id": "test-id-33",
        "isUpsideDown": false,
        "status": "unused",
      },
      DeadendCard {
        "connectors": Array [
          1,
          3,
        ],
        "id": "test-id-34",
        "isUpsideDown": false,
        "status": "unused",
      },
      DeadendCard {
        "connectors": Array [
          1,
          4,
        ],
        "id": "test-id-35",
        "isUpsideDown": false,
        "status": "unused",
      },
      DeadendCard {
        "connectors": Array [
          2,
          4,
        ],
        "id": "test-id-36",
        "isUpsideDown": false,
        "status": "unused",
      },
      DeadendCard {
        "connectors": Array [
          1,
          2,
          3,
        ],
        "id": "test-id-37",
        "isUpsideDown": false,
        "status": "unused",
      },
      DeadendCard {
        "connectors": Array [
          1,
          2,
          4,
        ],
        "id": "test-id-38",
        "isUpsideDown": false,
        "status": "unused",
      },
      DeadendCard {
        "connectors": Array [
          1,
          2,
          3,
          4,
        ],
        "id": "test-id-39",
        "isUpsideDown": false,
        "status": "unused",
      },
      MapActionCard {
        "id": "test-id-40",
        "status": "unused",
      },
      MapActionCard {
        "id": "test-id-41",
        "status": "unused",
      },
      MapActionCard {
        "id": "test-id-42",
        "status": "unused",
      },
      MapActionCard {
        "id": "test-id-43",
        "status": "unused",
      },
      MapActionCard {
        "id": "test-id-44",
        "status": "unused",
      },
      MapActionCard {
        "id": "test-id-45",
        "status": "unused",
      },
      RockfallActionCard {
        "id": "test-id-46",
        "status": "unused",
      },
      RockfallActionCard {
        "id": "test-id-47",
        "status": "unused",
      },
      RockfallActionCard {
        "id": "test-id-48",
        "status": "unused",
      },
      BreakActionCard {
        "appliesTo": Array [
          "pick",
        ],
        "id": "test-id-49",
        "status": "unused",
      },
      BreakActionCard {
        "appliesTo": Array [
          "pick",
        ],
        "id": "test-id-50",
        "status": "unused",
      },
      BreakActionCard {
        "appliesTo": Array [
          "pick",
        ],
        "id": "test-id-51",
        "status": "unused",
      },
      BreakActionCard {
        "appliesTo": Array [
          "lamp",
        ],
        "id": "test-id-52",
        "status": "unused",
      },
      BreakActionCard {
        "appliesTo": Array [
          "lamp",
        ],
        "id": "test-id-53",
        "status": "unused",
      },
      BreakActionCard {
        "appliesTo": Array [
          "lamp",
        ],
        "id": "test-id-54",
        "status": "unused",
      },
      BreakActionCard {
        "appliesTo": Array [
          "wagon",
        ],
        "id": "test-id-55",
        "status": "unused",
      },
      BreakActionCard {
        "appliesTo": Array [
          "wagon",
        ],
        "id": "test-id-56",
        "status": "unused",
      },
      BreakActionCard {
        "appliesTo": Array [
          "wagon",
        ],
        "id": "test-id-57",
        "status": "unused",
      },
      RepairActionCard {
        "appliesTo": Array [
          "pick",
        ],
        "id": "test-id-58",
        "status": "unused",
      },
      RepairActionCard {
        "appliesTo": Array [
          "pick",
        ],
        "id": "test-id-59",
        "status": "unused",
      },
      RepairActionCard {
        "appliesTo": Array [
          "lamp",
        ],
        "id": "test-id-60",
        "status": "unused",
      },
      RepairActionCard {
        "appliesTo": Array [
          "lamp",
        ],
        "id": "test-id-61",
        "status": "unused",
      },
      RepairActionCard {
        "appliesTo": Array [
          "wagon",
        ],
        "id": "test-id-62",
        "status": "unused",
      },
      RepairActionCard {
        "appliesTo": Array [
          "wagon",
        ],
        "id": "test-id-63",
        "status": "unused",
      },
      RepairActionCard {
        "appliesTo": Array [
          "pick",
          "lamp",
        ],
        "id": "test-id-64",
        "status": "unused",
      },
      RepairActionCard {
        "appliesTo": Array [
          "pick",
          "wagon",
        ],
        "id": "test-id-65",
        "status": "unused",
      },
      RepairActionCard {
        "appliesTo": Array [
          "lamp",
          "wagon",
        ],
        "id": "test-id-66",
        "status": "unused",
      },
    ],
    "id": "test-id-1",
  },
  "discard": Discard {
    "discardPile": Array [],
    "id": "test-id-2",
  },
  "id": "test-id-0",
  "isFinished": false,
  "isStarted": false,
  "playOrder": Array [],
  "players": Object {},
  "roundResults": Array [],
  "turn": 0,
}
`;

exports[`Game can visualize the board 1`] = `
"                                                      ▕▔▔▔▔▏
                                                      ▕ ?? ▏
                                                      ▕▁▁▁▁▏
      ╭┄┄┄┄╮                                                
      │    │                                                
      ╰┄┄┄┄╯                                                
╭┄┄┄┄╮██  ██╭┄┄┄┄╮                                    ▕▔▔▔▔▏
│    │  []  │    │                                    ▕ ?? ▏
╰┄┄┄┄╯██  ██╰┄┄┄┄╯                                    ▕▁▁▁▁▏
      ╭┄┄┄┄╮                                                
      │    │                                                
      ╰┄┄┄┄╯                                                
                                                      ▕▔▔▔▔▏
                                                      ▕ ?? ▏
                                                      ▕▁▁▁▁▏"
`;

exports[`Game discardCard when game is started card is in the players hand adds a new card to the players hand 1`] = `
Array [
  PassageCard {
    "connectors": Array [
      2,
      4,
    ],
    "id": "test-id-0",
    "isUpsideDown": false,
    "status": "unused",
  },
  PassageCard {
    "connectors": Array [
      1,
      3,
    ],
    "id": "test-id-3",
    "isUpsideDown": false,
    "status": "unused",
  },
  PassageCard {
    "connectors": Array [
      1,
      3,
    ],
    "id": "test-id-6",
    "isUpsideDown": false,
    "status": "unused",
  },
  PassageCard {
    "connectors": Array [
      1,
      4,
    ],
    "id": "test-id-9",
    "isUpsideDown": false,
    "status": "unused",
  },
  PassageCard {
    "connectors": Array [
      1,
      2,
    ],
    "id": "test-id-12",
    "isUpsideDown": false,
    "status": "unused",
  },
  PassageCard {
    "connectors": Array [
      1,
      2,
    ],
    "id": "test-id-15",
    "isUpsideDown": false,
    "status": "unused",
  },
  PassageCard {
    "connectors": Array [
      1,
      2,
      4,
    ],
    "id": "test-id-18",
    "isUpsideDown": false,
    "status": "unused",
  },
]
`;

exports[`Game playCard when game is started card is in the players hand adds a new card to the players hand 1`] = `
Array [
  PassageCard {
    "connectors": Array [
      2,
      4,
    ],
    "id": "test-id-0",
    "isUpsideDown": false,
    "status": "unused",
  },
  PassageCard {
    "connectors": Array [
      1,
      3,
    ],
    "id": "test-id-3",
    "isUpsideDown": false,
    "status": "unused",
  },
  PassageCard {
    "connectors": Array [
      1,
      3,
    ],
    "id": "test-id-6",
    "isUpsideDown": false,
    "status": "unused",
  },
  PassageCard {
    "connectors": Array [
      1,
      4,
    ],
    "id": "test-id-9",
    "isUpsideDown": false,
    "status": "unused",
  },
  PassageCard {
    "connectors": Array [
      1,
      2,
    ],
    "id": "test-id-12",
    "isUpsideDown": false,
    "status": "unused",
  },
  PassageCard {
    "connectors": Array [
      1,
      2,
    ],
    "id": "test-id-15",
    "isUpsideDown": false,
    "status": "unused",
  },
  PassageCard {
    "connectors": Array [
      1,
      2,
      4,
    ],
    "id": "test-id-18",
    "isUpsideDown": false,
    "status": "unused",
  },
]
`;

exports[`Game playCard when game is started card is in the players hand adds the card to the discard pile 1`] = `
MapActionCard {
  "id": "test-id-11",
  "parameters": Object {
    "position": Position {
      "id": "test-id-69",
      "x": 8,
      "y": 0,
    },
  },
  "status": "played",
}
`;

exports[`Game start with enough players sets player allegiances and deals cards 1`] = `
Array [
  Player {
    "age": 20,
    "hand": Object {
      "test-id-0": PassageCard {
        "connectors": Array [
          2,
          4,
        ],
        "id": "test-id-0",
        "isUpsideDown": false,
        "status": "unused",
      },
      "test-id-12": PassageCard {
        "connectors": Array [
          1,
          2,
        ],
        "id": "test-id-12",
        "isUpsideDown": false,
        "status": "unused",
      },
      "test-id-15": PassageCard {
        "connectors": Array [
          1,
          2,
        ],
        "id": "test-id-15",
        "isUpsideDown": false,
        "status": "unused",
      },
      "test-id-3": PassageCard {
        "connectors": Array [
          1,
          3,
        ],
        "id": "test-id-3",
        "isUpsideDown": false,
        "status": "unused",
      },
      "test-id-6": PassageCard {
        "connectors": Array [
          1,
          3,
        ],
        "id": "test-id-6",
        "isUpsideDown": false,
        "status": "unused",
      },
      "test-id-9": PassageCard {
        "connectors": Array [
          1,
          4,
        ],
        "id": "test-id-9",
        "isUpsideDown": false,
        "status": "unused",
      },
    },
    "id": "test-id-8",
    "isSaboteur": true,
    "name": "Player 1",
    "tools": Object {
      "lamp": true,
      "pick": true,
      "wagon": true,
    },
    "viewedFinishCards": Object {},
  },
  Player {
    "age": 21,
    "hand": Object {
      "test-id-1": PassageCard {
        "connectors": Array [
          2,
          4,
        ],
        "id": "test-id-1",
        "isUpsideDown": false,
        "status": "unused",
      },
      "test-id-10": PassageCard {
        "connectors": Array [
          1,
          4,
        ],
        "id": "test-id-10",
        "isUpsideDown": false,
        "status": "unused",
      },
      "test-id-13": PassageCard {
        "connectors": Array [
          1,
          2,
        ],
        "id": "test-id-13",
        "isUpsideDown": false,
        "status": "unused",
      },
      "test-id-16": PassageCard {
        "connectors": Array [
          1,
          2,
          4,
        ],
        "id": "test-id-16",
        "isUpsideDown": false,
        "status": "unused",
      },
      "test-id-4": PassageCard {
        "connectors": Array [
          1,
          3,
        ],
        "id": "test-id-4",
        "isUpsideDown": false,
        "status": "unused",
      },
      "test-id-7": PassageCard {
        "connectors": Array [
          1,
          4,
        ],
        "id": "test-id-7",
        "isUpsideDown": false,
        "status": "unused",
      },
    },
    "id": "test-id-9",
    "isSaboteur": false,
    "name": "Player 2",
    "tools": Object {
      "lamp": true,
      "pick": true,
      "wagon": true,
    },
    "viewedFinishCards": Object {},
  },
  Player {
    "age": 22,
    "hand": Object {
      "test-id-11": PassageCard {
        "connectors": Array [
          1,
          2,
        ],
        "id": "test-id-11",
        "isUpsideDown": false,
        "status": "unused",
      },
      "test-id-14": PassageCard {
        "connectors": Array [
          1,
          2,
        ],
        "id": "test-id-14",
        "isUpsideDown": false,
        "status": "unused",
      },
      "test-id-17": PassageCard {
        "connectors": Array [
          1,
          2,
          4,
        ],
        "id": "test-id-17",
        "isUpsideDown": false,
        "status": "unused",
      },
      "test-id-2": PassageCard {
        "connectors": Array [
          2,
          4,
        ],
        "id": "test-id-2",
        "isUpsideDown": false,
        "status": "unused",
      },
      "test-id-5": PassageCard {
        "connectors": Array [
          1,
          3,
        ],
        "id": "test-id-5",
        "isUpsideDown": false,
        "status": "unused",
      },
      "test-id-8": PassageCard {
        "connectors": Array [
          1,
          4,
        ],
        "id": "test-id-8",
        "isUpsideDown": false,
        "status": "unused",
      },
    },
    "id": "test-id-10",
    "isSaboteur": false,
    "name": "Player 3",
    "tools": Object {
      "lamp": true,
      "pick": true,
      "wagon": true,
    },
    "viewedFinishCards": Object {},
  },
]
`;
