// Jest Snapshot v1, https://goo.gl/fbAQLP

exports[`Player addToHand when there are cards in the players hand returns populated array 1`] = `
Array [
  Object {
    "id": "test-id-1",
    "parameters": undefined,
    "status": "unused",
  },
]
`;

exports[`Player can be serialized 1`] = `
Object {
  "age": 35,
  "hand": Object {},
  "id": "test-id-2",
  "isSaboteur": false,
  "name": "Alice",
  "tools": Object {
    "lamp": true,
    "pick": true,
    "wagon": true,
  },
  "viewedFinishCards": Object {},
}
`;
