// Jest Snapshot v1, https://goo.gl/fbAQLP

exports[`Player addToHand when there are cards in the players hand returns populated array 1`] = `
Array [
  MapActionCard {
    "id": "test-id-0",
    "status": "unused",
  },
]
`;

exports[`Player can be serialized 1`] = `
Object {
  "age": 35,
  "hand": Object {},
  "id": "test-id-1",
  "isSaboteur": false,
  "name": "Alice",
  "viewedFinishCards": Object {},
}
`;
